
[2026-08-26T08:53:02Z] GIS pipeline triggered by surveillance engine
======================================================================
 AGRICULTURAL DISEASE SURVEILLANCE — GIS ANALYSIS
======================================================================

Loading configuration...
  [OK] Configuration loaded

Loading priority events...
  [OK] Found 1 event(s)

Selecting latest triggered event...
EVENT BEING ANALYZED:
  Event ID         : EVENT-0001
  Disease          : Late Blight
  Detection count  : 2
  Unique farmers   : 2
  Status           : TRIGGERED
  Generated at     : 2026-08-26T08:53:02Z

Running GIS engine...
  [OK] GIS analysis complete

----------------------------------------------------------------------
GIS ANALYSIS RESULTS:
----------------------------------------------------------------------

Detection Summary:
  Total detections    : 2
  Average confidence  : 95.0%
  Average humidity    : 0.0%

Spatial Analysis:
  Distance between    : 0.00 km
  Distance score      : 0.737
  Humidity score      : 0.915
  Prototype risk      : 0.833

Risk Classification:
  Status              : HIGH

----------------------------------------------------------------------
OUTPUT FILES:
----------------------------------------------------------------------
  Analyzed map        : D:\SIH26131\prototype_0.1\farmer_app\cropguard\gis\output\analyzed_map.png
  GIS results         : D:\SIH26131\prototype_0.1\farmer_app\cropguard\gis\output\gis_results.json

======================================================================
GIS analysis complete.
======================================================================
Running report builder...
  Report builder complete -> reports/latest_report.json

[2026-08-26T09:01:10Z] GIS pipeline triggered by surveillance engine
======================================================================
 AGRICULTURAL DISEASE SURVEILLANCE — GIS ANALYSIS
======================================================================

Loading configuration...
  [OK] Configuration loaded

Loading priority events...
  [OK] Found 1 event(s)

Selecting latest triggered event...
EVENT BEING ANALYZED:
  Event ID         : EVENT-0001
  Disease          : Early Blight
  Detection count  : 2
  Unique farmers   : 2
  Status           : TRIGGERED
  Generated at     : 2026-08-26T09:01:10Z

Running GIS engine...
  [OK] GIS analysis complete

----------------------------------------------------------------------
GIS ANALYSIS RESULTS:
----------------------------------------------------------------------

Detection Summary:
  Total detections    : 2
  Average confidence  : 94.2%
  Average humidity    : 0.0%

Spatial Analysis:
  Distance between    : 0.00 km
  Distance score      : 0.737
  Humidity score      : 0.870
  Prototype risk      : 0.818

Risk Classification:
  Status              : HIGH

----------------------------------------------------------------------
OUTPUT FILES:
----------------------------------------------------------------------
  Analyzed map        : D:\SIH26131\prototype_0.1\farmer_app\cropguard\gis\output\analyzed_map.png
  GIS results         : D:\SIH26131\prototype_0.1\farmer_app\cropguard\gis\output\gis_results.json

======================================================================
GIS analysis complete.
======================================================================
Running report builder...
  Report builder complete -> reports/latest_report.json

[2026-08-27T10:13:12Z] GIS pipeline triggered by surveillance engine
======================================================================
 AGRICULTURAL DISEASE SURVEILLANCE — GIS ANALYSIS
======================================================================

Loading configuration...
  [OK] Configuration loaded

Loading priority events...
  [OK] Found 2 event(s)

Selecting latest triggered event...
EVENT BEING ANALYZED:
  Event ID         : EVENT-0002
  Disease          : Late Blight
  Detection count  : 2
  Unique farmers   : 2
  Status           : TRIGGERED
  Generated at     : 2026-08-27T10:13:12Z

Running GIS engine...
  [OK] GIS analysis complete

----------------------------------------------------------------------
GIS ANALYSIS RESULTS:
----------------------------------------------------------------------

Detection Summary:
  Total detections    : 2
  Average confidence  : 95.0%
  Average humidity    : 0.0%

Spatial Analysis:
  Distance between    : 0.00 km
  Distance score      : 0.737
  Humidity score      : 0.830
  Prototype risk      : 0.808

Risk Classification:
  Status              : HIGH

----------------------------------------------------------------------
OUTPUT FILES:
----------------------------------------------------------------------
  Analyzed map        : D:\SIH26131-materials\SIH26131-materials\prototype_0.1\farmer_app\cropguard\gis\output\analyzed_map.png
  GIS results         : D:\SIH26131-materials\SIH26131-materials\prototype_0.1\farmer_app\cropguard\gis\output\gis_results.json

======================================================================
GIS analysis complete.
======================================================================
Running report builder...
  Report builder complete -> reports/latest_report.json

[2026-08-27T10:35:27Z] GIS pipeline triggered by surveillance engine
======================================================================
 AGRICULTURAL DISEASE SURVEILLANCE — GIS ANALYSIS
======================================================================

Loading configuration...
  [OK] Configuration loaded

Loading priority events...
  [OK] Found 3 event(s)

Selecting latest triggered event...
EVENT BEING ANALYZED:
  Event ID         : EVENT-0003
  Disease          : Apple Scab
  Detection count  : 2
  Unique farmers   : 2
  Status           : TRIGGERED
  Generated at     : 2026-08-27T10:35:27Z

Running GIS engine...
  [OK] GIS analysis complete

----------------------------------------------------------------------
GIS ANALYSIS RESULTS:
----------------------------------------------------------------------

Detection Summary:
  Total detections    : 2
  Average confidence  : 66.4%
  Average humidity    : 0.0%

Spatial Analysis:
  Distance between    : 0.00 km
  Distance score      : 0.737
  Humidity score      : 0.840
  Prototype risk      : 0.754

Risk Classification:
  Status              : MODERATE

----------------------------------------------------------------------
OUTPUT FILES:
----------------------------------------------------------------------
  Analyzed map        : D:\SIH26131-materials\SIH26131-materials\prototype_0.1\farmer_app\cropguard\gis\output\analyzed_map.png
  GIS results         : D:\SIH26131-materials\SIH26131-materials\prototype_0.1\farmer_app\cropguard\gis\output\gis_results.json

======================================================================
GIS analysis complete.
======================================================================
Running report builder...
  Report builder complete -> reports/latest_report.json

[2026-08-27T10:36:24Z] GIS pipeline triggered by surveillance engine
======================================================================
 AGRICULTURAL DISEASE SURVEILLANCE — GIS ANALYSIS
======================================================================

Loading configuration...
  [OK] Configuration loaded

Loading priority events...
  [OK] Found 4 event(s)

Selecting latest triggered event...
EVENT BEING ANALYZED:
  Event ID         : EVENT-0004
  Disease          : Apple Scab
  Detection count  : 3
  Unique farmers   : 2
  Status           : TRIGGERED
  Generated at     : 2026-08-27T10:36:24Z

Running GIS engine...
  [OK] GIS analysis complete

----------------------------------------------------------------------
GIS ANALYSIS RESULTS:
----------------------------------------------------------------------

Detection Summary:
  Total detections    : 3
  Average confidence  : 66.4%
  Average humidity    : 0.0%

Spatial Analysis:
  Distance between    : 0.00 km
  Distance score      : 0.682
  Humidity score      : 0.823
  Prototype risk      : 0.721

Risk Classification:
  Status              : MODERATE

----------------------------------------------------------------------
OUTPUT FILES:
----------------------------------------------------------------------
  Analyzed map        : D:\SIH26131-materials\SIH26131-materials\prototype_0.1\farmer_app\cropguard\gis\output\analyzed_map.png
  GIS results         : D:\SIH26131-materials\SIH26131-materials\prototype_0.1\farmer_app\cropguard\gis\output\gis_results.json

======================================================================
GIS analysis complete.
======================================================================
Running report builder...
  Report builder complete -> reports/latest_report.json

[2026-08-27T10:36:35Z] GIS pipeline triggered by surveillance engine
======================================================================
 AGRICULTURAL DISEASE SURVEILLANCE — GIS ANALYSIS
======================================================================

Loading configuration...
  [OK] Configuration loaded

Loading priority events...
  [OK] Found 5 event(s)

Selecting latest triggered event...
EVENT BEING ANALYZED:
  Event ID         : EVENT-0005
  Disease          : Apple Scab
  Detection count  : 4
  Unique farmers   : 2
  Status           : TRIGGERED
  Generated at     : 2026-08-27T10:36:35Z

Running GIS engine...
  [OK] GIS analysis complete

----------------------------------------------------------------------
GIS ANALYSIS RESULTS:
----------------------------------------------------------------------

Detection Summary:
  Total detections    : 4
  Average confidence  : 66.4%
  Average humidity    : 0.0%

Spatial Analysis:
  Distance between    : 0.00 km
  Distance score      : 0.612
  Humidity score      : 0.885
  Prototype risk      : 0.704

Risk Classification:
  Status              : MODERATE

----------------------------------------------------------------------
OUTPUT FILES:
----------------------------------------------------------------------
  Analyzed map        : D:\SIH26131-materials\SIH26131-materials\prototype_0.1\farmer_app\cropguard\gis\output\analyzed_map.png
  GIS results         : D:\SIH26131-materials\SIH26131-materials\prototype_0.1\farmer_app\cropguard\gis\output\gis_results.json

======================================================================
GIS analysis complete.
======================================================================
Running report builder...
  Report builder complete -> reports/latest_report.json

[2026-08-27T10:36:39Z] GIS pipeline triggered by surveillance engine
======================================================================
 AGRICULTURAL DISEASE SURVEILLANCE — GIS ANALYSIS
======================================================================

Loading configuration...
  [OK] Configuration loaded

Loading priority events...
  [OK] Found 1 event(s)

Selecting latest triggered event...
EVENT BEING ANALYZED:
  Event ID         : EVENT-0001
  Disease          : Apple Scab
  Detection count  : 4
  Unique farmers   : 2
  Status           : TRIGGERED
  Generated at     : 2026-08-27T10:36:39Z

Running GIS engine...
  [OK] GIS analysis complete

----------------------------------------------------------------------
GIS ANALYSIS RESULTS:
----------------------------------------------------------------------

Detection Summary:
  Total detections    : 4
  Average confidence  : 66.4%
  Average humidity    : 0.0%

Spatial Analysis:
  Distance between    : 0.00 km
  Distance score      : 0.612
  Humidity score      : 0.825
  Prototype risk      : 0.686

Risk Classification:
  Status              : MODERATE

----------------------------------------------------------------------
OUTPUT FILES:
----------------------------------------------------------------------
  Analyzed map        : D:\SIH26131-materials\SIH26131-materials\prototype_0.1\farmer_app\cropguard\gis\output\analyzed_map.png
  GIS results         : D:\SIH26131-materials\SIH26131-materials\prototype_0.1\farmer_app\cropguard\gis\output\gis_results.json

======================================================================
GIS analysis complete.
======================================================================
Running report builder...
  Report builder complete -> reports/latest_report.json

[2026-08-27T10:36:50Z] GIS pipeline triggered by surveillance engine
======================================================================
 AGRICULTURAL DISEASE SURVEILLANCE — GIS ANALYSIS
======================================================================

Loading configuration...
  [OK] Configuration loaded

Loading priority events...
  [OK] Found 2 event(s)

Selecting latest triggered event...
EVENT BEING ANALYZED:
  Event ID         : EVENT-0002
  Disease          : Apple Scab
  Detection count  : 5
  Unique farmers   : 2
  Status           : TRIGGERED
  Generated at     : 2026-08-27T10:36:50Z

Running GIS engine...
  [OK] GIS analysis complete

----------------------------------------------------------------------
GIS ANALYSIS RESULTS:
----------------------------------------------------------------------

Detection Summary:
  Total detections    : 5
  Average confidence  : 66.4%
  Average humidity    : 0.0%

Spatial Analysis:
  Distance between    : 0.00 km
  Distance score      : 0.636
  Humidity score      : 0.882
  Prototype risk      : 0.716

Risk Classification:
  Status              : MODERATE

----------------------------------------------------------------------
OUTPUT FILES:
----------------------------------------------------------------------
  Analyzed map        : D:\SIH26131-materials\SIH26131-materials\prototype_0.1\farmer_app\cropguard\gis\output\analyzed_map.png
  GIS results         : D:\SIH26131-materials\SIH26131-materials\prototype_0.1\farmer_app\cropguard\gis\output\gis_results.json

======================================================================
GIS analysis complete.
======================================================================
Running report builder...
  Report builder complete -> reports/latest_report.json

[2026-08-27T10:51:35Z] GIS pipeline triggered by surveillance engine
======================================================================
 AGRICULTURAL DISEASE SURVEILLANCE — GIS ANALYSIS
======================================================================

Loading configuration...
  [OK] Configuration loaded

Loading priority events...
  [OK] Found 3 event(s)

Selecting latest triggered event...
EVENT BEING ANALYZED:
  Event ID         : EVENT-0003
  Disease          : Apple Scab
  Detection count  : 6
  Unique farmers   : 2
  Status           : TRIGGERED
  Generated at     : 2026-08-27T10:51:35Z

Running GIS engine...
  [OK] GIS analysis complete

----------------------------------------------------------------------
GIS ANALYSIS RESULTS:
----------------------------------------------------------------------

Detection Summary:
  Total detections    : 6
  Average confidence  : 66.4%
  Average humidity    : 0.0%

Spatial Analysis:
  Distance between    : 0.00 km
  Distance score      : 0.843
  Humidity score      : 0.885
  Prototype risk      : 0.820

Risk Classification:
  Status              : HIGH

----------------------------------------------------------------------
OUTPUT FILES:
----------------------------------------------------------------------
  Analyzed map        : D:\SIH26131-materials\SIH26131-materials\prototype_0.1\farmer_app\cropguard\gis\output\analyzed_map.png
  GIS results         : D:\SIH26131-materials\SIH26131-materials\prototype_0.1\farmer_app\cropguard\gis\output\gis_results.json

======================================================================
GIS analysis complete.
======================================================================
Running report builder...
  Report builder complete -> reports/latest_report.json

[2026-08-27T10:51:47Z] GIS pipeline triggered by surveillance engine
======================================================================
 AGRICULTURAL DISEASE SURVEILLANCE — GIS ANALYSIS
======================================================================

Loading configuration...
  [OK] Configuration loaded

Loading priority events...
  [OK] Found 4 event(s)

Selecting latest triggered event...
EVENT BEING ANALYZED:
  Event ID         : EVENT-0004
  Disease          : Apple Scab
  Detection count  : 7
  Unique farmers   : 2
  Status           : TRIGGERED
  Generated at     : 2026-08-27T10:51:47Z

Running GIS engine...
  [OK] GIS analysis complete

----------------------------------------------------------------------
GIS ANALYSIS RESULTS:
----------------------------------------------------------------------

Detection Summary:
  Total detections    : 7
  Average confidence  : 66.4%
  Average humidity    : 0.0%

Spatial Analysis:
  Distance between    : 0.00 km
  Distance score      : 0.850
  Humidity score      : 0.874
  Prototype risk      : 0.820

Risk Classification:
  Status              : HIGH

----------------------------------------------------------------------
OUTPUT FILES:
----------------------------------------------------------------------
  Analyzed map        : D:\SIH26131-materials\SIH26131-materials\prototype_0.1\farmer_app\cropguard\gis\output\analyzed_map.png
  GIS results         : D:\SIH26131-materials\SIH26131-materials\prototype_0.1\farmer_app\cropguard\gis\output\gis_results.json

======================================================================
GIS analysis complete.
======================================================================
Running report builder...
  Report builder complete -> reports/latest_report.json

[2026-08-27T10:51:53Z] GIS pipeline triggered by surveillance engine
======================================================================
 AGRICULTURAL DISEASE SURVEILLANCE — GIS ANALYSIS
======================================================================

Loading configuration...
  [OK] Configuration loaded

Loading priority events...
  [OK] Found 1 event(s)

Selecting latest triggered event...
EVENT BEING ANALYZED:
  Event ID         : EVENT-0001
  Disease          : Apple Scab
  Detection count  : 7
  Unique farmers   : 2
  Status           : TRIGGERED
  Generated at     : 2026-08-27T10:51:53Z

Running GIS engine...
  [OK] GIS analysis complete

----------------------------------------------------------------------
GIS ANALYSIS RESULTS:
----------------------------------------------------------------------

Detection Summary:
  Total detections    : 7
  Average confidence  : 66.4%
  Average humidity    : 0.0%

Spatial Analysis:
  Distance between    : 0.00 km
  Distance score      : 0.850
  Humidity score      : 0.877
  Prototype risk      : 0.821

Risk Classification:
  Status              : HIGH

----------------------------------------------------------------------
OUTPUT FILES:
----------------------------------------------------------------------
  Analyzed map        : D:\SIH26131-materials\SIH26131-materials\prototype_0.1\farmer_app\cropguard\gis\output\analyzed_map.png
  GIS results         : D:\SIH26131-materials\SIH26131-materials\prototype_0.1\farmer_app\cropguard\gis\output\gis_results.json

======================================================================
GIS analysis complete.
======================================================================
Running report builder...
  Report builder complete -> reports/latest_report.json

[2026-08-27T10:52:06Z] GIS pipeline triggered by surveillance engine
======================================================================
 AGRICULTURAL DISEASE SURVEILLANCE — GIS ANALYSIS
======================================================================

Loading configuration...
  [OK] Configuration loaded

Loading priority events...
  [OK] Found 2 event(s)

Selecting latest triggered event...
EVENT BEING ANALYZED:
  Event ID         : EVENT-0002
  Disease          : Apple Scab
  Detection count  : 8
  Unique farmers   : 2
  Status           : TRIGGERED
  Generated at     : 2026-08-27T10:52:06Z

Running GIS engine...
  [OK] GIS analysis complete

----------------------------------------------------------------------
GIS ANALYSIS RESULTS:
----------------------------------------------------------------------

Detection Summary:
  Total detections    : 8
  Average confidence  : 66.4%
  Average humidity    : 0.0%

Spatial Analysis:
  Distance between    : 0.00 km
  Distance score      : 0.750
  Humidity score      : 0.869
  Prototype risk      : 0.769

Risk Classification:
  Status              : MODERATE

----------------------------------------------------------------------
OUTPUT FILES:
----------------------------------------------------------------------
  Analyzed map        : D:\SIH26131-materials\SIH26131-materials\prototype_0.1\farmer_app\cropguard\gis\output\analyzed_map.png
  GIS results         : D:\SIH26131-materials\SIH26131-materials\prototype_0.1\farmer_app\cropguard\gis\output\gis_results.json

======================================================================
GIS analysis complete.
======================================================================
Running report builder...
  Report builder complete -> reports/latest_report.json

[2026-08-27T10:56:08Z] GIS pipeline triggered by surveillance engine
======================================================================
 AGRICULTURAL DISEASE SURVEILLANCE — GIS ANALYSIS
======================================================================

Loading configuration...
  [OK] Configuration loaded

Loading priority events...
  [OK] Found 1 event(s)

Selecting latest triggered event...
EVENT BEING ANALYZED:
  Event ID         : EVENT-0001
  Disease          : Apple Scab
  Detection count  : 8
  Unique farmers   : 2
  Status           : TRIGGERED
  Generated at     : 2026-08-27T10:56:08Z

Running GIS engine...
  [OK] GIS analysis complete

----------------------------------------------------------------------
GIS ANALYSIS RESULTS:
----------------------------------------------------------------------

Detection Summary:
  Total detections    : 8
  Average confidence  : 66.4%
  Average humidity    : 0.0%

Spatial Analysis:
  Distance between    : 0.00 km
  Distance score      : 0.750
  Humidity score      : 0.876
  Prototype risk      : 0.771

Risk Classification:
  Status              : MODERATE

----------------------------------------------------------------------
OUTPUT FILES:
----------------------------------------------------------------------
  Analyzed map        : D:\SIH26131-materials\SIH26131-materials\prototype_0.1\farmer_app\cropguard\gis\output\analyzed_map.png
  GIS results         : D:\SIH26131-materials\SIH26131-materials\prototype_0.1\farmer_app\cropguard\gis\output\gis_results.json

======================================================================
GIS analysis complete.
======================================================================
Running report builder...
  Report builder complete -> reports/latest_report.json
